=====================================================================
Loaded: mamba 2.6.2

Usage example:
$ mamba create -n myenv -c conda-forge python=3 <package_name>
$ source activate myenv

Only run "pip install" after activating an environment.
Running pip without activating an environment is known to cause issues.

To list available environments:
$ mamba info --envs

More info: docs.rc.asu.edu/python

=====================================================================
     
/etc/python/sitecustomize.py:117: UserWarning:



Warning: You have Plotly version 5.19.0, which is not compatible with this version of Kaleido (1.3.0).

This means that static image generation (e.g. `fig.write_image()`) will not work.

Please upgrade Plotly to version 6.1.1 or greater, or downgrade Kaleido to version 0.2.1.

You can however, use the Kaleido API directly which will work with your plotly version. `kaleido.write_fig(...)`, for example. Please see the kaleido documentation.


2026-07-13 23:23:13 INFO:root: n_tokens_per_buffer (millions): 0.032
2026-07-13 23:23:13 INFO:root: Lower bound: n_contexts_per_buffer (millions): 0.00064
2026-07-13 23:23:13 INFO:root: Total training steps: 15869
2026-07-13 23:23:13 INFO:root: Total training images: 1300000
2026-07-13 23:23:13 INFO:root: Total wandb updates: 1586
2026-07-13 23:23:13 INFO:root: Expansion factor: 16
2026-07-13 23:23:13 INFO:root: n_tokens_per_feature_sampling_window (millions): 204.8
2026-07-13 23:23:13 INFO:root: n_tokens_per_dead_feature_window (millions): 1024.0
2026-07-13 23:23:13 INFO:root: We will reset the sparsity calculation 15 times.
2026-07-13 23:23:13 INFO:root: Number tokens in sparsity calculation window: 4.10e+06
2026-07-13 23:23:13 INFO:root: Gradient clipping with max_norm=1.0
2026-07-13 23:23:13 INFO:root: Using SAE initialization method: independent
2026-07-13 23:23:13 INFO:root: get_activation_fn received: activation_fn=relu, kwargs={}
2026-07-13 23:23:13 DEBUG:asyncio: Using selector: EpollSelector
2026-07-13 23:23:13 DEBUG:git.cmd: Popen(['git', 'version'], cwd=/home/akaur64/train_SAE, stdin=None, shell=False, universal_newlines=False)
2026-07-13 23:23:13 DEBUG:git.cmd: Popen(['git', 'version'], cwd=/home/akaur64/train_SAE, stdin=None, shell=False, universal_newlines=False)
2026-07-13 23:23:13 DEBUG:git.util: sys.platform='linux', git_executable='git'
2026-07-13 23:23:13 DEBUG:urllib3.connectionpool: Starting new HTTPS connection (1): api.wandb.ai:443
2026-07-13 23:23:13 DEBUG:urllib3.connectionpool: https://api.wandb.ai:443 "POST /graphql HTTP/1.1" 200 None
2026-07-13 23:23:13 DEBUG:urllib3.connectionpool: https://api.wandb.ai:443 "POST /graphql HTTP/1.1" 200 None
wandb: Currently logged in as: akaur64 (akaur64-arizona-state-university) to https://api.wandb.ai. Use `wandb login --relogin` to force relogin
2026-07-13 23:23:14 DEBUG:git.util: sys.platform='linux', git_executable='git'
wandb: setting up run zy9aqpmn
wandb: Tracking run with wandb version 0.23.0
wandb: Run data is saved locally in /home/akaur64/train_SAE/wandb/run-20260713_232313-zy9aqpmn
wandb: Run `wandb offline` to turn off syncing.
wandb: Syncing run likely-wildflower-9
wandb: ⭐️ View project at https://wandb.ai/akaur64-arizona-state-university/prisma-sae-embeddings
wandb: 🚀 View run at https://wandb.ai/akaur64-arizona-state-university/prisma-sae-embeddings/runs/zy9aqpmn
wandb: updating run metadata
wandb: uploading config.yaml
wandb: 
wandb: Run history:
wandb:                         epoch ▁▁▁▂▂▂▂▂▂▂▃▃▃▃▄▄▄▄▄▄▅▅▅▆▆▆▆▆▆▆▇▇▇▇▇▇████
wandb:                  train/cosine ▂▃▁▄▄▆▆▆▅▆▇▇▆▆█▆▃█▆▆▇▅▅▆▇█▆▇▇▅▆▆▆▅▆▇▇▆▆▇
wandb:   train/dead_feature_fraction ▅█▃▃▂▂▂▁▁▁▁▁▁▁▁▁▁▁▁▁▁▁▁▁▁▁▁▁▁▁▁▁▁▁▁▁▁▁▁▁
wandb: train/explained_variance_mean ▁▄▄▅▂▅▆▄▅▅▆▆▇▇▆▆▇▆▆▆▇▇▇▇▇█▇▇▇▇▇▇▇▇▆▇▆██▇
wandb:  train/explained_variance_std █▇▄▂▃▃▅▅▃▃▂▂▃▃▅▄▆▄▄▃▄▂▃▄▃▂▃▁▄▄▅▅▅▃▅▂▁▄▆▅
wandb:                      train/l0 ▂▁▁▆▆▆▆▇▆▇▇▇▇▇▇▇▇▇▇▇▇▇▇██▇█▇▇███████████
wandb:                      train/l1 █▆▅▄▄▃▃▃▁▃▃▃▃▃▂▃▃▃▃▃▃▃▃▂▂▂▃▂▂▂▂▂▃▂▂▂▃▂▃▂
wandb:                    train/loss █▇▆▅▄▃▃▃▂▂▂▂▂▂▂▂▂▂▂▁▂▂▂▁▁▂▁▁▁▁▁▁▁▁▂▁▁▁▁▁
wandb:                     train/mse █▂▁▁▁▁▁▁▁▁▁▁▁▁▁▁▁▁▁▁▁▁▁▁▁▁▁▁▁▁▁▁▁▁▁▁▁▁▁▁
wandb:                    val/cosine ▁▆▅▆▆▅▅▆▆▂▄▄▅▇▆▅▆▅▆▇▇▅▅▇█▅▆▆▅█▃▇▇▆█▆██▇▇
wandb:                            +7 ...
wandb: 
wandb: Run summary:
wandb:                         epoch 499
wandb:                  train/cosine 0.99897
wandb:   train/dead_feature_fraction 0.8256
wandb: train/explained_variance_mean 0.99311
wandb:  train/explained_variance_std 0.00567
wandb:                      train/l0 27.52503
wandb:                      train/l1 0.00015
wandb:                    train/loss 0.00023
wandb:                     train/mse 8e-05
wandb:                    val/cosine 0.99956
wandb:                            +7 ...
wandb: 
wandb: 🚀 View run likely-wildflower-9 at: https://wandb.ai/akaur64-arizona-state-university/prisma-sae-embeddings/runs/zy9aqpmn
wandb: ⭐️ View project at: https://wandb.ai/akaur64-arizona-state-university/prisma-sae-embeddings
wandb: Synced 5 W&B file(s), 0 media file(s), 0 artifact file(s) and 0 other file(s)
wandb: Find logs at: ./wandb/run-20260713_232313-zy9aqpmn/logs
